###############################################################################
#
# IAR ANSI C/C++ Compiler V7.70.1.11437/W32 for ARM       06/Apr/2017  11:01:07
# Copyright 1999-2016 IAR Systems AB.
#
#    Cpu mode     =  thumb
#    Endian       =  little
#    Source file  =  
#        E:\新项目\移交资料LHT\自助缴费机\软件\Micrium_LPC1768-SK_uCOS-III-Release\Software\EvalBoards\NXP\LPC1768-SK\LPC17XXCMSIS\Drivers\source\lpc17xx_nvic.c
#    Command line =  
#        E:\新项目\移交资料LHT\自助缴费机\软件\Micrium_LPC1768-SK_uCOS-III-Release\Software\EvalBoards\NXP\LPC1768-SK\LPC17XXCMSIS\Drivers\source\lpc17xx_nvic.c
#        -lCN
#        E:\新项目\移交资料LHT\自助缴费机\软件\Micrium_LPC1768-SK_uCOS-III-Release\Software\EvalBoards\NXP\LPC1768-SK\uCOS-III\IAR\FLASH\List
#        --diag_suppress Pe174 -o
#        E:\新项目\移交资料LHT\自助缴费机\软件\Micrium_LPC1768-SK_uCOS-III-Release\Software\EvalBoards\NXP\LPC1768-SK\uCOS-III\IAR\FLASH\Obj
#        --no_cse --no_unroll --no_inline --no_code_motion --no_tbaa
#        --no_clustering --no_scheduling --debug --endian=little
#        --cpu=Cortex-M3 -e --fpu=None --dlib_config "C:\Program Files\IAR
#        Systems\Embedded Workbench 7.5\arm\INC\c\DLib_Config_Normal.h" -I
#        E:\新项目\移交资料LHT\自助缴费机\软件\Micrium_LPC1768-SK_uCOS-III-Release\Software\EvalBoards\NXP\LPC1768-SK\uCOS-III\IAR\
#        -I
#        E:\新项目\移交资料LHT\自助缴费机\软件\Micrium_LPC1768-SK_uCOS-III-Release\Software\EvalBoards\NXP\LPC1768-SK\uCOS-III\IAR\..\..\uCOS-III\
#        -I
#        E:\新项目\移交资料LHT\自助缴费机\软件\Micrium_LPC1768-SK_uCOS-III-Release\Software\EvalBoards\NXP\LPC1768-SK\uCOS-III\IAR\..\..\BSP\
#        -I
#        E:\新项目\移交资料LHT\自助缴费机\软件\Micrium_LPC1768-SK_uCOS-III-Release\Software\EvalBoards\NXP\LPC1768-SK\uCOS-III\IAR\..\..\BSP\IAR\
#        -I
#        E:\新项目\移交资料LHT\自助缴费机\软件\Micrium_LPC1768-SK_uCOS-III-Release\Software\EvalBoards\NXP\LPC1768-SK\uCOS-III\IAR\..\..\BSP\OS\uCOS-III\
#        -I
#        E:\新项目\移交资料LHT\自助缴费机\软件\Micrium_LPC1768-SK_uCOS-III-Release\Software\EvalBoards\NXP\LPC1768-SK\uCOS-III\IAR\..\..\..\..\..\uC-CSP\MCU\
#        -I
#        E:\新项目\移交资料LHT\自助缴费机\软件\Micrium_LPC1768-SK_uCOS-III-Release\Software\EvalBoards\NXP\LPC1768-SK\uCOS-III\IAR\..\..\..\..\..\uC-CSP\MCU\NXP\LPC17xx\LPC1768\
#        -I
#        E:\新项目\移交资料LHT\自助缴费机\软件\Micrium_LPC1768-SK_uCOS-III-Release\Software\EvalBoards\NXP\LPC1768-SK\uCOS-III\IAR\..\..\..\..\..\uC-CSP\MCU\NXP\LPC17xx\
#        -I
#        E:\新项目\移交资料LHT\自助缴费机\软件\Micrium_LPC1768-SK_uCOS-III-Release\Software\EvalBoards\NXP\LPC1768-SK\uCOS-III\IAR\..\..\..\..\..\uCOS-III\Ports\ARM-Cortex-M3\Generic\IAR\
#        -I
#        E:\新项目\移交资料LHT\自助缴费机\软件\Micrium_LPC1768-SK_uCOS-III-Release\Software\EvalBoards\NXP\LPC1768-SK\uCOS-III\IAR\..\..\..\..\..\uCOS-III\Ports\ARM-Cortex-M3\CSP\
#        -I
#        E:\新项目\移交资料LHT\自助缴费机\软件\Micrium_LPC1768-SK_uCOS-III-Release\Software\EvalBoards\NXP\LPC1768-SK\uCOS-III\IAR\..\..\..\..\..\uCOS-III\Source\
#        -I
#        E:\新项目\移交资料LHT\自助缴费机\软件\Micrium_LPC1768-SK_uCOS-III-Release\Software\EvalBoards\NXP\LPC1768-SK\uCOS-III\IAR\..\..\..\..\..\uC-LIB\
#        -I
#        E:\新项目\移交资料LHT\自助缴费机\软件\Micrium_LPC1768-SK_uCOS-III-Release\Software\EvalBoards\NXP\LPC1768-SK\uCOS-III\IAR\..\..\..\..\..\uC-CPU\
#        -I
#        E:\新项目\移交资料LHT\自助缴费机\软件\Micrium_LPC1768-SK_uCOS-III-Release\Software\EvalBoards\NXP\LPC1768-SK\uCOS-III\IAR\..\..\..\..\..\uC-CPU\ARM-Cortex-M3\IAR\
#        -I
#        E:\新项目\移交资料LHT\自助缴费机\软件\Micrium_LPC1768-SK_uCOS-III-Release\Software\EvalBoards\NXP\LPC1768-SK\uCOS-III\IAR\..\..\..\..\..\EvalBoards\NXP\LPC1768-SK\LPC17XXCMSIS\Core\CM3\CoreSupport\
#        -I
#        E:\新项目\移交资料LHT\自助缴费机\软件\Micrium_LPC1768-SK_uCOS-III-Release\Software\EvalBoards\NXP\LPC1768-SK\uCOS-III\IAR\..\..\..\..\..\EvalBoards\NXP\LPC1768-SK\LPC17XXCMSIS\Core\CM3\DeviceSupport\NXP\LPC17xx\
#        -I
#        E:\新项目\移交资料LHT\自助缴费机\软件\Micrium_LPC1768-SK_uCOS-III-Release\Software\EvalBoards\NXP\LPC1768-SK\uCOS-III\IAR\..\..\..\..\..\EvalBoards\NXP\LPC1768-SK\LPC17XXCMSIS\Drivers\include\
#        -I
#        E:\新项目\移交资料LHT\自助缴费机\软件\Micrium_LPC1768-SK_uCOS-III-Release\Software\EvalBoards\NXP\LPC1768-SK\uCOS-III\IAR\..\..\..\..\..\uC-Serial\Driver\NXP\LPC17xx\
#        -I
#        E:\新项目\移交资料LHT\自助缴费机\软件\Micrium_LPC1768-SK_uCOS-III-Release\Software\EvalBoards\NXP\LPC1768-SK\uCOS-III\IAR\..\..\..\..\..\uC-Serial\Driver\NXP\
#        -I
#        E:\新项目\移交资料LHT\自助缴费机\软件\Micrium_LPC1768-SK_uCOS-III-Release\Software\EvalBoards\NXP\LPC1768-SK\uCOS-III\IAR\..\..\..\..\..\uC-Serial\Line\
#        -I
#        E:\新项目\移交资料LHT\自助缴费机\软件\Micrium_LPC1768-SK_uCOS-III-Release\Software\EvalBoards\NXP\LPC1768-SK\uCOS-III\IAR\..\..\..\..\..\uC-Serial\OS\uCOS-III\
#        -I
#        E:\新项目\移交资料LHT\自助缴费机\软件\Micrium_LPC1768-SK_uCOS-III-Release\Software\EvalBoards\NXP\LPC1768-SK\uCOS-III\IAR\..\..\..\..\..\uC-Serial\OS\
#        -I
#        E:\新项目\移交资料LHT\自助缴费机\软件\Micrium_LPC1768-SK_uCOS-III-Release\Software\EvalBoards\NXP\LPC1768-SK\uCOS-III\IAR\..\..\..\..\..\uC-Serial\Source\
#        -On --use_c++_inline -I "C:\Program Files\IAR Systems\Embedded
#        Workbench 7.5\arm\CMSIS\Include\"
#    Locale       =  Chinese (Simplified)_People's Republic of China.936
#    List file    =  
#        E:\新项目\移交资料LHT\自助缴费机\软件\Micrium_LPC1768-SK_uCOS-III-Release\Software\EvalBoards\NXP\LPC1768-SK\uCOS-III\IAR\FLASH\List\lpc17xx_nvic.lst
#    Object file  =  
#        E:\新项目\移交资料LHT\自助缴费机\软件\Micrium_LPC1768-SK_uCOS-III-Release\Software\EvalBoards\NXP\LPC1768-SK\uCOS-III\IAR\FLASH\Obj\lpc17xx_nvic.o
#
###############################################################################

E:\新项目\移交资料LHT\自助缴费机\软件\Micrium_LPC1768-SK_uCOS-III-Release\Software\EvalBoards\NXP\LPC1768-SK\LPC17XXCMSIS\Drivers\source\lpc17xx_nvic.c
      1          /**
      2           * @file	: lpc17xx_nvic.c
      3           * @brief	: Contains all expansion functions support for
      4           * 				NVIC firmware library on LPC17xx. The main
      5           * 				NVIC functions are defined in core_cm3.h
      6           * @version	: 1.0
      7           * @date	: 18. Mar. 2009
      8           * @author	: HieuNguyen
      9           **************************************************************************
     10           * Software that is described herein is for illustrative purposes only
     11           * which provides customers with programming information regarding the
     12           * products. This software is supplied "AS IS" without any warranties.
     13           * NXP Semiconductors assumes no responsibility or liability for the
     14           * use of the software, conveys no license or title under any patent,
     15           * copyright, or mask work right to the product. NXP Semiconductors
     16           * reserves the right to make changes in the software without
     17           * notification. NXP Semiconductors also make no representation or
     18           * warranty that such application will be suitable for the specified
     19           * use without further testing or modification.
     20           **********************************************************************/
     21          
     22          /* Peripheral group ----------------------------------------------------------- */
     23          /** @addtogroup NVIC
     24           * @{
     25           */
     26          
     27          /* Includes ------------------------------------------------------------------- */
     28          #include "lpc17xx_nvic.h"
     29          
     30          
     31          /* Private Macros ------------------------------------------------------------- */
     32          /** @addtogroup NVIC_Private_Macros
     33           * @{
     34           */
     35          
     36          /* Vector table offset bit mask */
     37          #define NVIC_VTOR_MASK              0x3FFFFF80
     38          
     39          /**
     40           * @}
     41           */
     42          
     43          
     44          /* Public Functions ----------------------------------------------------------- */
     45          /** @addtogroup NVIC_Public_Functions
     46           * @{
     47           */
     48          
     49          
     50          /*****************************************************************************//**
     51           * @brief		De-initializes the NVIC peripheral registers to their default
     52           * 				reset values.
     53           * @param		None
     54           * @return      None
     55           *
     56           * These following NVIC peripheral registers will be de-initialized:
     57           * - Disable Interrupt (32 IRQ interrupt sources that matched with LPC17xx)
     58           * - Clear all Pending Interrupts (32 IRQ interrupt source that matched with LPC17xx)
     59           * - Clear all Interrupt Priorities (32 IRQ interrupt source that matched with LPC17xx)
     60           *******************************************************************************/

   \                                 In section .text, align 2, keep-with-next
     61          void NVIC_DeInit(void)
     62          {
     63          	uint8_t tmp;
     64          
     65          	/* Disable all interrupts */
     66          	NVIC->ICER[0] = 0xFFFFFFFF;
   \                     NVIC_DeInit: (+1)
   \   00000000   0xF05F 0x31FF      MOVS     R1,#-1
   \   00000004   0x....             LDR.N    R2,??DataTable2  ;; 0xe000e180
   \   00000006   0x6011             STR      R1,[R2, #+0]
     67          	NVIC->ICER[1] = 0x00000001;
   \   00000008   0x2101             MOVS     R1,#+1
   \   0000000A   0x....             LDR.N    R2,??DataTable2_1  ;; 0xe000e184
   \   0000000C   0x6011             STR      R1,[R2, #+0]
     68          	/* Clear all pending interrupts */
     69          	NVIC->ICPR[0] = 0xFFFFFFFF;
   \   0000000E   0xF05F 0x31FF      MOVS     R1,#-1
   \   00000012   0x....             LDR.N    R2,??DataTable2_2  ;; 0xe000e280
   \   00000014   0x6011             STR      R1,[R2, #+0]
     70          	NVIC->ICPR[1] = 0x00000001;
   \   00000016   0x2101             MOVS     R1,#+1
   \   00000018   0x....             LDR.N    R2,??DataTable2_3  ;; 0xe000e284
   \   0000001A   0x6011             STR      R1,[R2, #+0]
     71          
     72          	/* Clear all interrupt priority */
     73          	for (tmp = 0; tmp < 32; tmp++) {
   \   0000001C   0x2100             MOVS     R1,#+0
   \   0000001E   0x0008             MOVS     R0,R1
   \                     ??NVIC_DeInit_0: (+1)
   \   00000020   0xB2C0             UXTB     R0,R0            ;; ZeroExt  R0,R0,#+24,#+24
   \   00000022   0x2820             CMP      R0,#+32
   \   00000024   0xDA05             BGE.N    ??NVIC_DeInit_1
     74          		NVIC->IP[tmp] = 0x00;
   \   00000026   0x2100             MOVS     R1,#+0
   \   00000028   0x....             LDR.N    R2,??DataTable2_4  ;; 0xe000e400
   \   0000002A   0xB2C0             UXTB     R0,R0            ;; ZeroExt  R0,R0,#+24,#+24
   \   0000002C   0x5411             STRB     R1,[R2, R0]
     75          	}
   \   0000002E   0x1C40             ADDS     R0,R0,#+1
   \   00000030   0xE7F6             B.N      ??NVIC_DeInit_0
     76          }
   \                     ??NVIC_DeInit_1: (+1)
   \   00000032   0x4770             BX       LR               ;; return
     77          
     78          /*****************************************************************************//**
     79           * @brief			De-initializes the SCB peripheral registers to their default
     80           *                  reset values.
     81           * @param			none
     82           * @return 			none
     83           *
     84           * These following SCB NVIC peripheral registers will be de-initialized:
     85           * - Interrupt Control State register
     86           * - Interrupt Vector Table Offset register
     87           * - Application Interrupt/Reset Control register
     88           * - System Control register
     89           * - Configuration Control register
     90           * - System Handlers Priority Registers
     91           * - System Handler Control and State Register
     92           * - Configurable Fault Status Register
     93           * - Hard Fault Status Register
     94           * - Debug Fault Status Register
     95           *******************************************************************************/

   \                                 In section .text, align 2, keep-with-next
     96          void NVIC_SCBDeInit(void)
     97          {
     98          	uint8_t tmp;
     99          
    100          	SCB->ICSR = 0x0A000000;
   \                     NVIC_SCBDeInit: (+1)
   \   00000000   0xF05F 0x6120      MOVS     R1,#+167772160
   \   00000004   0x....             LDR.N    R2,??DataTable2_5  ;; 0xe000ed04
   \   00000006   0x6011             STR      R1,[R2, #+0]
    101          	SCB->VTOR = 0x00000000;
   \   00000008   0x2100             MOVS     R1,#+0
   \   0000000A   0x....             LDR.N    R2,??DataTable2_6  ;; 0xe000ed08
   \   0000000C   0x6011             STR      R1,[R2, #+0]
    102          	SCB->AIRCR = 0x05FA0000;
   \   0000000E   0x....             LDR.N    R1,??DataTable2_7  ;; 0x5fa0000
   \   00000010   0x....             LDR.N    R2,??DataTable2_8  ;; 0xe000ed0c
   \   00000012   0x6011             STR      R1,[R2, #+0]
    103          	SCB->SCR = 0x00000000;
   \   00000014   0x2100             MOVS     R1,#+0
   \   00000016   0x....             LDR.N    R2,??DataTable2_9  ;; 0xe000ed10
   \   00000018   0x6011             STR      R1,[R2, #+0]
    104          	SCB->CCR = 0x00000000;
   \   0000001A   0x2100             MOVS     R1,#+0
   \   0000001C   0x....             LDR.N    R2,??DataTable2_10  ;; 0xe000ed14
   \   0000001E   0x6011             STR      R1,[R2, #+0]
    105          
    106          	for (tmp = 0; tmp < 32; tmp++) {
   \   00000020   0x2100             MOVS     R1,#+0
   \   00000022   0x0008             MOVS     R0,R1
   \                     ??NVIC_SCBDeInit_0: (+1)
   \   00000024   0xB2C0             UXTB     R0,R0            ;; ZeroExt  R0,R0,#+24,#+24
   \   00000026   0x2820             CMP      R0,#+32
   \   00000028   0xDA05             BGE.N    ??NVIC_SCBDeInit_1
    107          		SCB->SHP[tmp] = 0x00;
   \   0000002A   0x2100             MOVS     R1,#+0
   \   0000002C   0x....             LDR.N    R2,??DataTable2_11  ;; 0xe000ed18
   \   0000002E   0xB2C0             UXTB     R0,R0            ;; ZeroExt  R0,R0,#+24,#+24
   \   00000030   0x5411             STRB     R1,[R2, R0]
    108          	}
   \   00000032   0x1C40             ADDS     R0,R0,#+1
   \   00000034   0xE7F6             B.N      ??NVIC_SCBDeInit_0
    109          
    110          	SCB->SHCSR = 0x00000000;
   \                     ??NVIC_SCBDeInit_1: (+1)
   \   00000036   0x2100             MOVS     R1,#+0
   \   00000038   0x....             LDR.N    R2,??DataTable2_12  ;; 0xe000ed24
   \   0000003A   0x6011             STR      R1,[R2, #+0]
    111          	SCB->CFSR = 0xFFFFFFFF;
   \   0000003C   0xF05F 0x31FF      MOVS     R1,#-1
   \   00000040   0x....             LDR.N    R2,??DataTable2_13  ;; 0xe000ed28
   \   00000042   0x6011             STR      R1,[R2, #+0]
    112          	SCB->HFSR = 0xFFFFFFFF;
   \   00000044   0xF05F 0x31FF      MOVS     R1,#-1
   \   00000048   0x....             LDR.N    R2,??DataTable2_14  ;; 0xe000ed2c
   \   0000004A   0x6011             STR      R1,[R2, #+0]
    113          	SCB->DFSR = 0xFFFFFFFF;
   \   0000004C   0xF05F 0x31FF      MOVS     R1,#-1
   \   00000050   0x....             LDR.N    R2,??DataTable2_15  ;; 0xe000ed30
   \   00000052   0x6011             STR      R1,[R2, #+0]
    114          }
   \   00000054   0x4770             BX       LR               ;; return
    115          
    116          
    117          /*****************************************************************************//**
    118           * @brief		Set Vector Table Offset value
    119           * @param		offset Offset value
    120           * @return      None
    121           *******************************************************************************/

   \                                 In section .text, align 2, keep-with-next
    122          void NVIC_SetVTOR(uint32_t offset)
    123          {
    124          	SCB->VTOR  = (offset & NVIC_VTOR_MASK);
   \                     NVIC_SetVTOR: (+1)
   \   00000000   0x....             LDR.N    R1,??DataTable2_16  ;; 0x3fffff80
   \   00000002   0x4001             ANDS     R1,R1,R0
   \   00000004   0x....             LDR.N    R2,??DataTable2_6  ;; 0xe000ed08
   \   00000006   0x6011             STR      R1,[R2, #+0]
    125          }
   \   00000008   0x4770             BX       LR               ;; return

   \                                 In section .text, align 4, keep-with-next
   \                     ??DataTable2:
   \   00000000   0xE000E180         DC32     0xe000e180

   \                                 In section .text, align 4, keep-with-next
   \                     ??DataTable2_1:
   \   00000000   0xE000E184         DC32     0xe000e184

   \                                 In section .text, align 4, keep-with-next
   \                     ??DataTable2_2:
   \   00000000   0xE000E280         DC32     0xe000e280

   \                                 In section .text, align 4, keep-with-next
   \                     ??DataTable2_3:
   \   00000000   0xE000E284         DC32     0xe000e284

   \                                 In section .text, align 4, keep-with-next
   \                     ??DataTable2_4:
   \   00000000   0xE000E400         DC32     0xe000e400

   \                                 In section .text, align 4, keep-with-next
   \                     ??DataTable2_5:
   \   00000000   0xE000ED04         DC32     0xe000ed04

   \                                 In section .text, align 4, keep-with-next
   \                     ??DataTable2_6:
   \   00000000   0xE000ED08         DC32     0xe000ed08

   \                                 In section .text, align 4, keep-with-next
   \                     ??DataTable2_7:
   \   00000000   0x05FA0000         DC32     0x5fa0000

   \                                 In section .text, align 4, keep-with-next
   \                     ??DataTable2_8:
   \   00000000   0xE000ED0C         DC32     0xe000ed0c

   \                                 In section .text, align 4, keep-with-next
   \                     ??DataTable2_9:
   \   00000000   0xE000ED10         DC32     0xe000ed10

   \                                 In section .text, align 4, keep-with-next
   \                     ??DataTable2_10:
   \   00000000   0xE000ED14         DC32     0xe000ed14

   \                                 In section .text, align 4, keep-with-next
   \                     ??DataTable2_11:
   \   00000000   0xE000ED18         DC32     0xe000ed18

   \                                 In section .text, align 4, keep-with-next
   \                     ??DataTable2_12:
   \   00000000   0xE000ED24         DC32     0xe000ed24

   \                                 In section .text, align 4, keep-with-next
   \                     ??DataTable2_13:
   \   00000000   0xE000ED28         DC32     0xe000ed28

   \                                 In section .text, align 4, keep-with-next
   \                     ??DataTable2_14:
   \   00000000   0xE000ED2C         DC32     0xe000ed2c

   \                                 In section .text, align 4, keep-with-next
   \                     ??DataTable2_15:
   \   00000000   0xE000ED30         DC32     0xe000ed30

   \                                 In section .text, align 4, keep-with-next
   \                     ??DataTable2_16:
   \   00000000   0x3FFFFF80         DC32     0x3fffff80
    126          
    127          /**
    128           * @}
    129           */
    130          
    131          /**
    132           * @}
    133           */
    134          
    135          /* --------------------------------- End Of File ------------------------------ */

   Maximum stack usage in bytes:

   .cstack Function
   ------- --------
       0   NVIC_DeInit
       0   NVIC_SCBDeInit
       0   NVIC_SetVTOR


   Section sizes:

   Bytes  Function/Label
   -----  --------------
       4  ??DataTable2
       4  ??DataTable2_1
       4  ??DataTable2_10
       4  ??DataTable2_11
       4  ??DataTable2_12
       4  ??DataTable2_13
       4  ??DataTable2_14
       4  ??DataTable2_15
       4  ??DataTable2_16
       4  ??DataTable2_2
       4  ??DataTable2_3
       4  ??DataTable2_4
       4  ??DataTable2_5
       4  ??DataTable2_6
       4  ??DataTable2_7
       4  ??DataTable2_8
       4  ??DataTable2_9
      52  NVIC_DeInit
      86  NVIC_SCBDeInit
      10  NVIC_SetVTOR

 
 216 bytes in section .text
 
 216 bytes of CODE memory

Errors: none
Warnings: none
